CREATE TABLE test(id SERIAL, gate GATE);
INSERT INTO test(gate) VALUES ('gaussian(1.0, 2.0)'), ('poisson(3.0)');
SELECT * FROM test;
 id |         gate         
----+----------------------
  1 | gaussian(1.00, 2.00)
  2 | poisson(3.00)
(2 rows)

SELECT 'gaussian(1.0, 2.0)'::gate + 'poisson(3.0)'::gate AS comp_var;
                comp_var                
----------------------------------------
 (gaussian(1.00, 2.00))+(poisson(3.00))
(1 row)

SELECT 'gaussian(1.0, 2.0)'::gate - 'poisson(3.0)'::gate AS comp_var;
                comp_var                
----------------------------------------
 (gaussian(1.00, 2.00))-(poisson(3.00))
(1 row)

SELECT 'gaussian(1.0, 2.0)'::gate * 'poisson(3.0)'::gate AS comp_var;
                comp_var                
----------------------------------------
 (gaussian(1.00, 2.00))*(poisson(3.00))
(1 row)

SELECT 'gaussian(1.0, 2.0)'::gate / 'poisson(3.0)'::gate AS comp_var;
                comp_var                
----------------------------------------
 (gaussian(1.00, 2.00))/(poisson(3.00))
(1 row)

SELECT 2::gate AS const_var;
      const_var       
----------------------
 gaussian(2.00, 0.00)
(1 row)

SELECT 'gaussian(1.0, 2.0)'::gate < 'poisson(3.0)'::gate AS my_cond;
                my_cond                 
----------------------------------------
 (gaussian(1.00, 2.00))<(poisson(3.00))
(1 row)

SELECT 'gaussian(1.0, 2.0)'::gate <= 'poisson(3.0)'::gate AS my_cond;
                 my_cond                 
-----------------------------------------
 (gaussian(1.00, 2.00))<=(poisson(3.00))
(1 row)

SELECT 'gaussian(1.0, 2.0)'::gate <> 'poisson(3.0)'::gate AS my_cond;
                 my_cond                 
-----------------------------------------
 (gaussian(1.00, 2.00))!=(poisson(3.00))
(1 row)

SELECT 'gaussian(1.0, 2.0)'::gate <> 2 AS my_cond;
                    my_cond                     
------------------------------------------------
 (gaussian(1.00, 2.00))!=(gaussian(2.00, 0.00))
(1 row)

